// Jest Snapshot v1, https://goo.gl/fbAQLP

exports[`Testing react rendering of components App Cards are rendered correctly with corresponding content 1`] = `
<View
  style={
    Object {
      "backgroundColor": "#e3e2e1",
      "borderRadius": 25,
      "marginBottom": 25,
      "overflow": "hidden",
    }
  }
>
  <Image
    source={
      Object {
        "uri": "./assets/user4.jpg",
      }
    }
    style={
      Object {
        "height": 200,
        "width": "100%",
      }
    }
  />
  <Text
    style={
      Array [
        Object {
          "fontFamily": "Avenir-Roman",
          "fontSize": 21,
        },
        Object {
          "fontWeight": "bold",
        },
      ]
    }
  >
     
    Adventure Park
     
  </Text>
  <Text
    style={
      Array [
        Object {
          "fontFamily": "Avenir-Roman",
          "fontSize": 21,
        },
        Object {
          "fontSize": 16,
          "padding": 5,
        },
      ]
    }
  >
     
    Forest theme park for exploring the wilderness
     
  </Text>
  <Text
    style={
      Array [
        Object {
          "fontFamily": "Avenir-Roman",
          "fontSize": 21,
        },
        Object {
          "fontSize": 16,
          "padding": 5,
        },
      ]
    }
  >
     
    adventure
     
  </Text>
</View>
`;

exports[`Testing react rendering of components AppText renders correctly 1`] = `
<Text
  style={
    Array [
      Object {
        "fontFamily": "Avenir-Roman",
        "fontSize": 21,
      },
      undefined,
    ]
  }
>
   
   
</Text>
`;
